#-----------------------------------------------------------
# Vivado v2018.2 (64-bit)
# SW Build 2258646 on Thu Jun 14 20:03:12 MDT 2018
# IP Build 2256618 on Thu Jun 14 22:10:49 MDT 2018
# Start of session at: Sat Oct  8 15:10:39 2022
# Process ID: 2884
# Current directory: C:/Abdullah Data/Final Implemented Design/RSI without Pipelined Divider/RSI without Pipelining
# Command line: vivado.exe -gui_launcher_event rodinguilauncherevent4296 C:\Abdullah Data\Final Implemented Design\RSI without Pipelined Divider\RSI without Pipelining\RSI without Pipelining.xpr
# Log file: C:/Abdullah Data/Final Implemented Design/RSI without Pipelined Divider/RSI without Pipelining/vivado.log
# Journal file: C:/Abdullah Data/Final Implemented Design/RSI without Pipelined Divider/RSI without Pipelining\vivado.jou
#-----------------------------------------------------------
start_gui
open_project {C:/Abdullah Data/Final Implemented Design/RSI without Pipelined Divider/RSI without Pipelining/RSI without Pipelining.xpr}
update_compile_order -fileset sources_1
reset_run synth_1
launch_runs impl_1 -jobs 2
wait_on_run impl_1
open_run impl_1
report_timing_summary -delay_type min_max -report_unconstrained -check_timing_verbose -max_paths 10 -input_pins -routable_nets -name timing_1
report_timing_summary -delay_type min_max -report_unconstrained -check_timing_verbose -max_paths 10 -input_pins -routable_nets -name timing_1
# Disabling source management mode.  This is to allow the top design properties to be set without GUI intervention.
set_property source_mgmt_mode None [current_project]
set_property top div_top [current_fileset]
# Re-enabling previously disabled source management mode.
set_property source_mgmt_mode All [current_project]
update_compile_order -fileset sources_1
reset_run synth_1
save_constraints -force
launch_runs impl_1 -jobs 2
wait_on_run impl_1
close_design
open_run impl_1
report_timing_summary -delay_type min_max -report_unconstrained -check_timing_verbose -max_paths 10 -input_pins -routable_nets -name timing_1
save_constraints
