#-----------------------------------------------------------
# Vivado v2018.2 (64-bit)
# SW Build 2258646 on Thu Jun 14 20:03:12 MDT 2018
# IP Build 2256618 on Thu Jun 14 22:10:49 MDT 2018
# Start of session at: Tue Sep 27 11:43:07 2022
# Process ID: 1708
# Current directory: C:/Abdullah Data/Technical indicators/RSI/RSI without Pipelined Divider/RSI without Pipelining
# Command line: vivado.exe -gui_launcher_event rodinguilauncherevent1308 C:\Abdullah Data\Technical indicators\RSI\RSI without Pipelined Divider\RSI without Pipelining\RSI without Pipelining.xpr
# Log file: C:/Abdullah Data/Technical indicators/RSI/RSI without Pipelined Divider/RSI without Pipelining/vivado.log
# Journal file: C:/Abdullah Data/Technical indicators/RSI/RSI without Pipelined Divider/RSI without Pipelining\vivado.jou
#-----------------------------------------------------------
start_gui
open_project {C:/Abdullah Data/Technical indicators/RSI/RSI without Pipelined Divider/RSI without Pipelining/RSI without Pipelining.xpr}
update_compile_order -fileset sources_1
launch_simulation
launch_simulation
launch_simulation
launch_simulation
launch_simulation
launch_simulation
launch_simulation
launch_simulation
launch_simulation
launch_simulation
source top_tb.tcl
open_wave_config {C:/Abdullah Data/Technical indicators/RSI/Module/RSI_M/top_tb_behav1.wcfg}
restart
run 5 us
run 5 us
run 5 us
run 5 us
run 5 us
run 5 us
launch_runs impl_1 -jobs 2
wait_on_run impl_1
restart
run 5 us
run 24 us
run 24 us
save_wave_config {C:/Abdullah Data/Technical indicators/RSI/Module/RSI_M/top_tb_behav1.wcfg}
open_run impl_1
create_clock -period 10.000 -name clk -waveform {0.000 5.000} -add [get_ports clk]
report_timing_summary -delay_type min_max -report_unconstrained -check_timing_verbose -max_paths 10 -input_pins -routable_nets -name timing_1
report_timing_summary -delay_type min_max -report_unconstrained -check_timing_verbose -max_paths 10 -input_pins -routable_nets -name timing_1
report_timing_summary -delay_type min_max -report_unconstrained -check_timing_verbose -max_paths 10 -input_pins -routable_nets -name timing_1
report_timing_summary -delay_type min_max -report_unconstrained -check_timing_verbose -max_paths 10 -input_pins -routable_nets -name timing_1
report_timing_summary -delay_type min_max -report_unconstrained -check_timing_verbose -max_paths 10 -input_pins -routable_nets -name timing_1
file mkdir {C:/Abdullah Data/Technical indicators/RSI/RSI without Pipelined Divider/RSI without Pipelining/RSI without Pipelining.srcs/constrs_1/new}
close [ open {C:/Abdullah Data/Technical indicators/RSI/RSI without Pipelined Divider/RSI without Pipelining/RSI without Pipelining.srcs/constrs_1/new/clk.xdc} w ]
add_files -fileset constrs_1 {{C:/Abdullah Data/Technical indicators/RSI/RSI without Pipelined Divider/RSI without Pipelining/RSI without Pipelining.srcs/constrs_1/new/clk.xdc}}
set_property target_constrs_file {C:/Abdullah Data/Technical indicators/RSI/RSI without Pipelined Divider/RSI without Pipelining/RSI without Pipelining.srcs/constrs_1/new/clk.xdc} [current_fileset -constrset]
save_constraints -force
close_sim
