#-----------------------------------------------------------
# Vivado v2018.2 (64-bit)
# SW Build 2258646 on Thu Jun 14 20:03:12 MDT 2018
# IP Build 2256618 on Thu Jun 14 22:10:49 MDT 2018
# Start of session at: Tue Oct  4 12:04:59 2022
# Process ID: 4456
# Current directory: C:/Abbas_Setup/FYP_Material/New_PC_Progress/Improve_Latencies/MACD_Optimization/Critical_Path_Analysis/EMA12_opt/EMA12
# Command line: vivado.exe -gui_launcher_event rodinguilauncherevent1460 C:\Abbas_Setup\FYP_Material\New_PC_Progress\Improve_Latencies\MACD_Optimization\Critical_Path_Analysis\EMA12_opt\EMA12\EMA12.xpr
# Log file: C:/Abbas_Setup/FYP_Material/New_PC_Progress/Improve_Latencies/MACD_Optimization/Critical_Path_Analysis/EMA12_opt/EMA12/vivado.log
# Journal file: C:/Abbas_Setup/FYP_Material/New_PC_Progress/Improve_Latencies/MACD_Optimization/Critical_Path_Analysis/EMA12_opt/EMA12\vivado.jou
#-----------------------------------------------------------
start_gui
open_project C:/Abbas_Setup/FYP_Material/New_PC_Progress/Improve_Latencies/MACD_Optimization/Critical_Path_Analysis/EMA12_opt/EMA12/EMA12.xpr
update_compile_order -fileset sources_1
launch_simulation
open_wave_config C:/Abbas_Setup/FYP_Material/New_PC_Progress/Improve_Latencies/MACD_Optimization/Critical_Path_Analysis/EMA12_opt/EMA12/top_tb_behav.wcfg
source top_tb.tcl
run 13.80 us
save_wave_config {C:/Abbas_Setup/FYP_Material/New_PC_Progress/Improve_Latencies/MACD_Optimization/Critical_Path_Analysis/EMA12_opt/EMA12/top_tb_behav.wcfg}
close_sim
launch_simulation
open_wave_config C:/Abbas_Setup/FYP_Material/New_PC_Progress/Improve_Latencies/MACD_Optimization/Critical_Path_Analysis/EMA12_opt/EMA12/top_tb_behav.wcfg
source top_tb.tcl
restart
run 4.3 us
relaunch_sim
run 4.3 us
relaunch_sim
run 4.3 us
run 4.3 us
close_sim
