#-----------------------------------------------------------
# Vivado v2018.2 (64-bit)
# SW Build 2258646 on Thu Jun 14 20:03:12 MDT 2018
# IP Build 2256618 on Thu Jun 14 22:10:49 MDT 2018
# Start of session at: Mon Oct  3 21:00:11 2022
# Process ID: 6048
# Current directory: C:/Abdullah Data/Technical indicators/RSI/Vivado/RSI_implementation
# Command line: vivado.exe -gui_launcher_event rodinguilauncherevent7576 C:\Abdullah Data\Technical indicators\RSI\Vivado\RSI_implementation\RSI_implementation.xpr
# Log file: C:/Abdullah Data/Technical indicators/RSI/Vivado/RSI_implementation/vivado.log
# Journal file: C:/Abdullah Data/Technical indicators/RSI/Vivado/RSI_implementation\vivado.jou
#-----------------------------------------------------------
start_gui
open_project {C:/Abdullah Data/Technical indicators/RSI/Vivado/RSI_implementation/RSI_implementation.xpr}
launch_simulation
source top_tb.tcl
update_compile_order -fileset sources_1
open_wave_config {C:/Abdullah Data/Technical indicators/RSI/Vivado/RSI_implementation/top_tb_behav.wcfg}
restart
run 24 us
open_wave_config {C:/Abdullah Data/Technical indicators/RSI/Vivado/RSI_implementation/top_tb_behav1.wcfg}
restart
run 24 us
relaunch_sim
run 24 us
relaunch_sim
run 24 us
relaunch_sim
run 24 us
save_wave_config {C:/Abdullah Data/Technical indicators/RSI/Vivado/RSI_implementation/top_tb_behav1.wcfg}
close_sim
